exports[`Assertions > Geo Tests > [render] geo polygons correctly #0`] = `
<svg width="500" height="500">
  <defs>
    <clipPath id="clip-sc0">
      <rect x="0" y="0" width="500" height="500"></rect>
    </clipPath>
    <clipPath id="clip-sc0-data">
      <rect x="0" y="0" width="500" height="500" fill="white"></rect>
    </clipPath>
  </defs>
  <g class="section" clip-path="url(#clip-sc0)">
    <g class="polygon-layer">
      <path
        class="polygon"
        d="M0,333.3333333333333L500,333.3333333333333L500,166.66666666666669L0,166.66666666666669Z"
        fill="black"
        stroke="none"
        stroke-width="0"
        opacity="0.5"
      ></path>
      <path
        class="polygon"
        d="M166.66666666666666,333.3333333333333L250,291.6666666666667L83.33333333333333,291.6666666666667Z"
        fill="black"
        stroke="none"
        stroke-width="0"
        opacity="0.5"
      ></path>
      <path
        class="polygon"
        d="M333.3333333333333,166.66666666666669L250,208.33333333333334L416.6666666666667,208.33333333333334Z"
        fill="black"
        stroke="none"
        stroke-width="0"
        opacity="0.5"
      ></path>
    </g>
  </g>
</svg>
`;
