exports[`Assertions > Rectangle Tests > [render] rectangles snapshot correctly #0`] = `
<svg width="500" height="500">
  <defs>
    <mask id="mask-sc0-padding-bg">
      <rect width="100%" height="100%" fill="white"></rect>
      <rect x="50" y="50" width="400" height="400" fill="black"></rect>
    </mask>
    <clipPath id="clip-sc0-data">
      <rect x="50" y="50" width="400" height="400"></rect>
    </clipPath>
  </defs>
  <g class="section">
    <g class="rectangle-layer" clip-path="url(#clip-sc0-data)">
      <path
        class="rectangle"
        d="M75,50L175,50L175,450L75,450Z"
        fill="yellow"
        stroke="none"
        stroke-width="0"
        opacity="1"
      ></path>
      <path
        class="rectangle"
        d="M200,50L300,50L300,263.3333333333333L200,263.3333333333333Z"
        fill="yellow"
        stroke="none"
        stroke-width="0"
        opacity="1"
      ></path>
      <path
        class="rectangle"
        d="M325,50L425,50L425,183.33333333333334L325,183.33333333333334Z"
        fill="yellow"
        stroke="none"
        stroke-width="0"
        opacity="1"
      ></path>
    </g>
  </g>
</svg>
`;
